// Vitest Snapshot v1, https://vitest.dev/guide/snapshot.html

exports[`Category component > should render correct elements 1`] = `
<div>
  <section
    class="_section_0a39a7"
  >
    <div
      class="_card_0a39a7"
      data-testid="shop-game-card"
    >
      <div
        class="_imageContainer_0a39a7"
      >
        <div
          class="_backGround_0a39a7"
          style="background-image: url(undefined);"
        />
        <img
          alt="Fifa game game poster"
        />
      </div>
      <div
        class="_textContainer_0a39a7"
      >
        <h3>
          Fifa game
        </h3>
        <div>
          <p>
            Price: 50.00$
          </p>
          <button>
            <svg
              color="#01f5b8"
              fill="currentColor"
              height="1em"
              stroke="currentColor"
              stroke-width="0"
              style="color: rgb(1, 245, 184);"
              viewBox="0 0 512 512"
              width="1em"
              xmlns="http://www.w3.org/2000/svg"
            >
              <path
                d="M416 277.333H277.333V416h-42.666V277.333H96v-42.666h138.667V96h42.666v138.667H416v42.666z"
              />
            </svg>
             Add to Cart
          </button>
        </div>
      </div>
    </div>
    <div
      class="_card_0a39a7"
      data-testid="shop-game-card"
    >
      <div
        class="_imageContainer_0a39a7"
      >
        <div
          class="_backGround_0a39a7"
          style="background-image: url(undefined);"
        />
        <img
          alt="COD game game poster"
        />
      </div>
      <div
        class="_textContainer_0a39a7"
      >
        <h3>
          COD game
        </h3>
        <div>
          <p>
            Price: 50.00$
          </p>
          <button>
            <svg
              color="#01f5b8"
              fill="currentColor"
              height="1em"
              stroke="currentColor"
              stroke-width="0"
              style="color: rgb(1, 245, 184);"
              viewBox="0 0 512 512"
              width="1em"
              xmlns="http://www.w3.org/2000/svg"
            >
              <path
                d="M416 277.333H277.333V416h-42.666V277.333H96v-42.666h138.667V96h42.666v138.667H416v42.666z"
              />
            </svg>
             Add to Cart
          </button>
        </div>
      </div>
    </div>
    <div
      class="_card_0a39a7"
      data-testid="shop-game-card"
    >
      <div
        class="_imageContainer_0a39a7"
      >
        <div
          class="_backGround_0a39a7"
          style="background-image: url(undefined);"
        />
        <img
          alt="Minecraft game game poster"
        />
      </div>
      <div
        class="_textContainer_0a39a7"
      >
        <h3>
          Minecraft game
        </h3>
        <div>
          <p>
            Price: 50.00$
          </p>
          <button>
            <svg
              color="#01f5b8"
              fill="currentColor"
              height="1em"
              stroke="currentColor"
              stroke-width="0"
              style="color: rgb(1, 245, 184);"
              viewBox="0 0 512 512"
              width="1em"
              xmlns="http://www.w3.org/2000/svg"
            >
              <path
                d="M416 277.333H277.333V416h-42.666V277.333H96v-42.666h138.667V96h42.666v138.667H416v42.666z"
              />
            </svg>
             Add to Cart
          </button>
        </div>
      </div>
    </div>
  </section>
</div>
`;
