// Vitest Snapshot v1, https://vitest.dev/guide/snapshot.html

exports[`Error component > should render correct elements 1`] = `
<div>
  <section
    class="_section_6dffa1"
  >
    <h2>
      Unexpected error occurred!
    </h2>
    <p>
      Failed to fetch
    </p>
    <button>
      Retry
    </button>
  </section>
</div>
`;
