// Vitest Snapshot v1, https://vitest.dev/guide/snapshot.html

exports[`Product page component > should render correct elements 1`] = `
<div>
  <main
    class="_main_973786"
  >
    <button
      class="_backButton_973786"
    >
      <svg
        fill="currentColor"
        height="1em"
        stroke="currentColor"
        stroke-width="0"
        viewBox="0 0 512 512"
        width="1em"
        xmlns="http://www.w3.org/2000/svg"
      >
        <path
          d="M401.4 224h-214l83-79.4c11.9-12.5 11.9-32.7 0-45.2s-31.2-12.5-43.2 0L89 233.4c-6 5.8-9 13.7-9 22.4v.4c0 8.7 3 16.6 9 22.4l138.1 134c12 12.5 31.3 12.5 43.2 0 11.9-12.5 11.9-32.7 0-45.2l-83-79.4h214c16.9 0 30.6-14.3 30.6-32 .1-18-13.6-32-30.5-32z"
        />
      </svg>
       Back
    </button>
    <p
      class="_screenshotsP_973786"
    >
      Game Screenshots
    </p>
    <section
      aria-roledescription="carousel"
      class="splide _carousel_973786 splide--loop splide--ltr splide--draggable is-active is-initialized"
      data-testid="carousel"
      id="splide01"
    >
      <div
        aria-atomic="true"
        aria-live="off"
        class="splide__track splide__track--loop splide__track--ltr splide__track--draggable"
        id="splide01-track"
        style="padding-left: 0px; padding-right: 0px;"
      >
        <ul
          class="splide__list"
          id="splide01-list"
          role="presentation"
          style="transform: translateX(0px);"
        >
          <li
            aria-label="1 of 1"
            aria-roledescription="slide"
            class="splide__slide splide__slide--clone is-active is-visible"
            id="splide01-clone01"
            role="tabpanel"
          >
            <div
              class="_screenshotsContainer_973786"
            >
              <img
                alt="game screenshot"
                class="_screenshot_973786"
                src="screenshot.jpg"
              />
            </div>
          </li>
          <li
            aria-label="1 of 1"
            aria-roledescription="slide"
            class="splide__slide splide__slide--clone is-active is-visible is-prev"
            id="splide01-clone02"
            role="tabpanel"
          >
            <div
              class="_screenshotsContainer_973786"
            >
              <img
                alt="game screenshot"
                class="_screenshot_973786"
                src="screenshot.jpg"
              />
            </div>
          </li>
          <li
            aria-label="1 of 1"
            aria-roledescription="slide"
            class="splide__slide is-active is-visible"
            id="splide01-slide01"
            role="tabpanel"
          >
            <div
              class="_screenshotsContainer_973786"
            >
              <img
                alt="game screenshot"
                class="_screenshot_973786"
                src="screenshot.jpg"
              />
            </div>
          </li>
          <li
            aria-label="1 of 1"
            aria-roledescription="slide"
            class="splide__slide splide__slide--clone is-active is-visible is-next"
            id="splide01-clone03"
            role="tabpanel"
          >
            <div
              class="_screenshotsContainer_973786"
            >
              <img
                alt="game screenshot"
                class="_screenshot_973786"
                src="screenshot.jpg"
              />
            </div>
          </li>
          <li
            aria-label="1 of 1"
            aria-roledescription="slide"
            class="splide__slide splide__slide--clone is-active is-visible"
            id="splide01-clone04"
            role="tabpanel"
          >
            <div
              class="_screenshotsContainer_973786"
            >
              <img
                alt="game screenshot"
                class="_screenshot_973786"
                src="screenshot.jpg"
              />
            </div>
          </li>
        </ul>
      </div>
      <ul
        aria-label="Select a slide to show"
        class="splide__pagination splide__pagination--ltr"
        role="tablist"
      >
        <li
          role="presentation"
        >
          <button
            aria-controls="splide01-slide01"
            aria-label="Go to slide 1"
            aria-selected="true"
            class="splide__pagination__page is-active"
            role="tab"
            type="button"
          />
        </li>
      </ul>
    </section>
    <section
      class="_gameInfo_973786"
    >
      <div
        class="_infoImgContainer_973786"
      >
        <img
          alt="Minecraft game game poster"
          src="image.jpg"
        />
      </div>
      <div
        class="_container_973786"
      >
        <div
          class="_titlesContainer_973786"
        >
          <div
            class="_titleContainer_973786"
          >
            <p>
              Title:
            </p>
            <h2
              class="_title_973786"
            >
              Minecraft game
            </h2>
          </div>
          <div
            class="_alternateTitlesContainer_973786"
          >
            <p>
              Alternate Titles:
            </p>
            <ul
              class="_alternateTitles_973786"
            >
              <div>
                <li>
                  block game
                </li>
                <ul>
                  <li>
                    another title
                  </li>
                </ul>
              </div>
            </ul>
          </div>
        </div>
        <div
          class="_genresContainer_973786"
        >
          <p>
            Genres:
          </p>
          <ul
            class="_genres_973786"
          >
            <div>
              <li>
                Basic genres
              </li>
              <ul>
                <li>
                  Adventure
                </li>
              </ul>
            </div>
          </ul>
        </div>
        <div
          class="_platformsContainer_973786"
        >
          <p>
            Platforms:
          </p>
          <ul
            class="_platforms_973786"
          >
            <div>
              <li>
                Windows
              </li>
              <ul>
                <li>
                  Release date: 
                  2012
                </li>
              </ul>
            </div>
          </ul>
        </div>
        <div
          class="_buttonContainer_973786"
        >
          <p>
            Price: 
            <span>
              50.50
            </span>
          </p>
          <button>
            <svg
              color="#01f5b8"
              fill="currentColor"
              height="1em"
              stroke="currentColor"
              stroke-width="0"
              style="color: rgb(1, 245, 184);"
              viewBox="0 0 512 512"
              width="1em"
              xmlns="http://www.w3.org/2000/svg"
            >
              <path
                d="M416 277.333H277.333V416h-42.666V277.333H96v-42.666h138.667V96h42.666v138.667H416v42.666z"
              />
            </svg>
             Add to Cart
          </button>
        </div>
      </div>
      <div
        class="_descriptionContainer_973786"
      >
        <p>
          A game where you build stuff
        </p>
      </div>
    </section>
  </main>
</div>
`;
