// Vitest Snapshot v1, https://vitest.dev/guide/snapshot.html

exports[`Shop page > should render correct elements 1`] = `
<div>
  <main
    class="_main_c02aaf"
  >
    <aside
      class="_aside_c02aaf"
    >
      <h2>
        Games
      </h2>
      <ul
        class="_navigation_c02aaf"
      >
        <a
          class=""
          href="/games"
        >
          Games
        </a>
      </ul>
      <h2>
        Platforms
      </h2>
      <ul
        class="_navigation_c02aaf"
      >
        <a
          class=""
          href="/windows"
        >
          Windows
        </a>
        <a
          class=""
          href="/mac"
        >
          Mac
        </a>
        <a
          class=""
          href="/linux"
        >
          Linux
        </a>
      </ul>
      <h2>
        Genres
      </h2>
      <ul
        class="_navigation_c02aaf"
      >
        <a
          class=""
          href="/action"
        >
          Action
        </a>
        <a
          class=""
          href="/adventure"
        >
          Adventure
        </a>
        <a
          class=""
          href="/education"
        >
          Education
        </a>
        <a
          class=""
          href="/arcade"
        >
          Arcade
        </a>
        <a
          class=""
          href="/racing"
        >
          Racing
        </a>
        <a
          class=""
          href="/simulation"
        >
          Simulation
        </a>
        <a
          class=""
          href="/sports"
        >
          Sports
        </a>
        <a
          class=""
          href="/strategy"
        >
          Strategy
        </a>
        <a
          class=""
          href="/role-playing"
        >
          Role Playing
        </a>
      </ul>
    </aside>
  </main>
</div>
`;
